
[1m[46m RUN [49m[22m [36mv4.1.1 [39m[90mC:/Users/kanik/OneDrive/Desktop/portfolio[39m

 [31mΓ¥»[39m src/test/App.test.tsx [2m([22m[2m27 tests[22m[2m | [22m[31m5 failed[39m[2m)[22m[33m 1304[2mms[22m[39m
       [32mΓ£ô[39m renders without crashing[32m 49[2mms[22m[39m
       [32mΓ£ô[39m displays main heading[32m 32[2mms[22m[39m
       [32mΓ£ô[39m shows profession title[32m 17[2mms[22m[39m
[31m       [31m├ù[31m displays all main sections[39m[32m 39[2mms[22m[39m
[31m       [31m├ù[31m shows call-to-action buttons[39m[32m 30[2mms[22m[39m
       [32mΓ£ô[39m displays animated avatar[32m 15[2mms[22m[39m
       [32mΓ£ô[39m displays personal description[32m 19[2mms[22m[39m
       [32mΓ£ô[39m shows statistics[32m 28[2mms[22m[39m
       [32mΓ£ô[39m displays education info[32m 32[2mms[22m[39m
       [32mΓ£ô[39m renders skill categories[32m 29[2mms[22m[39m
[31m       [31m├ù[31m shows skill levels[39m[32m 24[2mms[22m[39m
       [32mΓ£ô[39m displays certifications[32m 18[2mms[22m[39m
       [32mΓ£ô[39m displays all projects[32m 35[2mms[22m[39m
[31m       [31m├ù[31m shows technologies[39m[32m 27[2mms[22m[39m
       [32mΓ£ô[39m displays contact info[32m 27[2mms[22m[39m
       [32mΓ£ô[39m shows social icons[32m 20[2mms[22m[39m
       [32mΓ£ô[39m has submit button[32m 149[2mms[22m[39m
       [32mΓ£ô[39m renders nav menu[32m 21[2mms[22m[39m
       [32mΓ£ô[39m has section links[32m 39[2mms[22m[39m
       [32mΓ£ô[39m displays footer content[32m 16[2mms[22m[39m
       [32mΓ£ô[39m navigates between sections[32m 20[2mms[22m[39m
       [32mΓ£ô[39m buttons are enabled[32m 39[2mms[22m[39m
       [32mΓ£ô[39m has proper headings[32m 83[2mms[22m[39m
[31m       [31m├ù[31m buttons have descriptive text[39m[33m 461[2mms[22m[39m
       [32mΓ£ô[39m applies gradients[32m 14[2mms[22m[39m
       [32mΓ£ô[39m has animations[32m 8[2mms[22m[39m
       [32mΓ£ô[39m uses dark theme[32m 11[2mms[22m[39m
node.exe : 
At line:1 char:1
+ & "C:\Program Files\nodejs/node.exe" "C:\Users\kanik\AppData\Roaming\ ...
+ ~~~~~~~~~~~~~~~~~~~~~~~~~~~~~~~~~~~~~~~~~~~~~~~~~~~~~~~~~~~~~~~~~~~~~
    + CategoryInfo          : NotSpecified: (:String) [], RemoteException
    + FullyQualifiedErrorId : NativeCommandError
 
[31mΓÄ»ΓÄ»ΓÄ»ΓÄ»ΓÄ»ΓÄ»ΓÄ»[39m[1m[41m Failed Tests 5 
[49m[22m[31mΓÄ»ΓÄ»ΓÄ»ΓÄ»ΓÄ»ΓÄ»ΓÄ»[39m

[41m[1m FAIL [22m[49m src/test/App.test.tsx[2m > [22mPortfolio App - 
Core Functionality[2m > [22mBasic Rendering[2m > [22mdisplays all main 
sections
[31m[1mTestingLibraryElementError[22m[39m: Found multiple elements with 
the text: Get In Touch

Here are the matching elements:

Ignored nodes: comments, script, style
[36m<button[39m
  [33mclass[39m=[32m"px-8 py-4 border-2 border-purple-500 text-purple-400 
rounded-full font-semibold hover:bg-purple-500 hover:text-white transition-all 
duration-300"[39m
[36m>[39m
  [0mGet In Touch[0m
[36m</button>[39m

Ignored nodes: comments, script, style
[36m<span[39m
  [33mclass[39m=[32m"bg-gradient-to-r from-cyan-400 to-blue-400 
bg-clip-text text-transparent"[39m
[36m>[39m
  [0mGet In Touch[0m
[36m</span>[39m

(If this is intentional, then use the `*AllBy*` variant of the query (like 
`queryAllByText`, `getAllByText`, or `findAllByText`)).

Ignored nodes: comments, script, style
[36m<body>[39m
  [36m<div>[39m
    [36m<div[39m
      [33mclass[39m=[32m"min-h-screen bg-gradient-to-br from-slate-900 
via-purple-900 to-slate-900 transition-opacity duration-1000 opacity-100"[39m
    [36m>[39m
      [36m<nav[39m
        [33mclass[39m=[32m"fixed top-0 w-full z-50 bg-black/20 
backdrop-blur-md border-b border-white/10"[39m
      [36m>[39m
        [36m<div[39m
          [33mclass[39m=[32m"max-w-6xl mx-auto px-6 py-4"[39m
        [36m>[39m
          [36m<div[39m
            [33mclass[39m=[32m"flex justify-between items-center"[39m
          [36m>[39m
            [36m<div[39m
              [33mclass[39m=[32m"text-2xl font-bold bg-gradient-to-r 
from-blue-400 to-purple-400 bg-clip-text text-transparent"[39m
            [36m>[39m
              [0mKanikshaa R[0m
            [36m</div>[39m
            [36m<div[39m
              [33mclass[39m=[32m"hidden md:flex space-x-8"[39m
            [36m>[39m
              [36m<button[39m
                [33mclass[39m=[32m"capitalize text-sm font-medium 
transition-colors hover:text-blue-400 text-blue-400"[39m
              [36m>[39m
                [0mhome[0m
              [36m</button>[39m
              [36m<button[39m
                [33mclass[39m=[32m"capitalize text-sm font-medium 
transition-colors hover:text-blue-400 text-gray-300"[39m
              [36m>[39m
                [0mabout[0m
              [36m</button>[39m
              [36m<button[39m
                [33mclass[39m=[32m"capitalize text-sm font-medium 
transition-colors hover:text-blue-400 text-gray-300"[39m
              [36m>[39m
                [0mskills[0m
              [36m</button>[39m
              [36m<button[39m
                [33mclass[39m=[32m"capitalize text-sm font-medium 
transition-colors hover:text-blue-400 text-gray-300"[39m
              [36m>[39m
                [0mprojects[0m
              [36m</button>[39m
              [36m<button[39m
                [33mclass[39m=[32m"capitalize text-sm font-medium 
transition-colors hover:text-blue-400 text-gray-300"[39m
              [36m>[39m
                [0mcontact[0m
              [36m</button>[39m
            [36m</div>[39m
          [36m</div>[39m
        [36m</div>[39m
      [36m</nav>[39m
      [36m<section[39m
        [33mclass[39m=[32m"min-h-screen flex items-center justify-center 
px-6 pt-20"[39m
        [33mid[39m=[32m"home"[39m
      [36m>[39m
        [36m<div[39m
          [33mclass[39m=[32m"max-w-4xl mx-auto text-center"[39m
        [36m>[39m
          [36m<div[39m
            [33mclass[39m=[32m"relative mb-8"[39m
          [36m>[39m
            [36m<div[39m
              [33mclass[39m=[32m"w-40 h-40 mx-auto rounded-full 
bg-gradient-to-r from-blue-500 via-purple-500 to-pink-500 p-1 
animate-pulse"[39m
            [36m>[39m
              [36m<div[39m
                [33mclass[39m=[32m"w-full h-full rounded-full bg-slate-900 
flex items-center justify-center"[39m
              [36m>[39m
                [36m<span[39m
                  [33mclass[39m=[32m"text-5xl font-bold bg-gradient-to-r 
from-blue-400 to-purple-400 bg-clip-text text-transparent"[39m
                [36m>[39m
                  [0mKR[0m
                [36m</span>[39m
              [36m</div>[39m
            [36m</div>[39m
            [36m<div[39m
              [33mclass[39m=[32m"absolute -top-4 -right-4 w-8 h-8 
bg-blue-500 rounded-full animate-bounce"[39m
            [36m/>[39m
            [36m<div[39m
              [33mclass[39m=[32m"absolute -bottom-4 -left-4 w-6 h-6 
bg-purple-500 rounded-full animate-ping"[39m
            [36m/>[39m
          [36m</div>[39m
          [36m<h1[39m
            [33mclass[39m=[32m"text-6xl md:text-7xl font-bold mb-6"[39m
          [36m>[39m
            [36m<span[39m
              [33mclass[39m=[32m"bg-gradient-to-r from-blue-400 
via-purple-400 to-pink-400 bg-clip-text text-transparent animate-pulse"[39m
            [36m>[39m
              [0mHi, I'm Kanikshaa R[0m
            [36m</span>[39m
          [36m</h1>[39m
          [36m<div[39m
            [33mclass[39m=[32m"text-xl md:text-2xl text-gray-300 mb-8 
font-light"[39m
          [36m>[39m
            [0mAI/ML Engineer & Full-stack Developer[0m
          [36m</div>[39m
          [36m<p[39m
            [33mclass[39m=[32m"text-lg text-gray-400 mb-12 max-w-2xl 
mx-auto leading-relaxed"[39m
          [36m>[39m
            [0mI build intelligent machine learning solutions and scalable 
web applications. Passionate about AI, data science, and creating meaningful 
technological impact.[0m
          [36m</p>[39m
          [36m<div[39m
            [33mclass[39m=[32m"flex flex-col md:flex-row gap-6 
justify-center mb-16"[39m
          [36m>[39m
            [36m<button[39m
              [33mclass[39m=[32m"group px-8 py-4 bg-gradient-to-r 
from-blue-600 to-purple-600 rounded-full font-semibold text-white 
hover:from-blue-700 hover:to-purple-700 transition-all duration-300 transform 
hover:scale-105 shadow-lg hover:shadow-xl"[39m
            [36m>[39m
              [0mView My Work[0m
              [36m<div[39m
                [33mdata-testid[39m=[32m"chevron-icon"[39m
              [36m>[39m
                [0mChevron[0m
              [36m</div>[39m
            [36m</button>[39m
            [36m<button[39m
              [33mclass[39m=[32m"px-8 py-4 border-2 border-purple-500 
text-purple-400 rounded-full font-semibold hover:bg-purple-500 
hover:text-white transition-all duration-300"[39m
            [36m>[39m
              [0mGet In Touch[0m
            [36m</button>[39m
          [36m</div>[39m
          [36m<div[39m
            [33mclass[39m=[32m"animate-bounce"[39m
          [36m>[39m
            [36m<div[39m
              [33mdata-testid[39m=[32m"arrow-icon"[39m
            [36m>[39m
              [0mArrow[0m
            [36m</div>[39m
          [36m</div>[39m
        [36m</div>[39m
      [36m</section>[39m
      [36m<section[39m
        [33mclass[39m=[32m"py-20 px-6"[39m
        [33mid[39m=[32m"about"[39m
      [36m>[39m
        [36m<div[39m
          [33mclass[39m=[32m"max-w-6xl mx-auto"[39m
        [36m>[39m
          [36m<div[39m
            [33mclass[39m=[32m"text-center mb-16"[39m
          [36m>[39m
            [36m<h2[39m
              [33mclass[39m=[32m"text-4xl md:text-5xl font-bold mb-6"[39m
            [36m>[39m
              [36m<span[39m
                [33mclass[39m=[32m"bg-gradient-to-r from-blue-400 
to-purple-400 bg-clip-text text-transparent"[39m
              [36m>[39m
                [0mAbout Me[0m
              [36m</span>[39m
            [36m</h2>[39m
            [36m<div[39m
              [33mclass[39m=[32m"w-24 h-1 bg-gradient-to-r from-blue-500 
to-purple-500 mx-auto...
[90m [2mΓ¥»[22m Object.getElementError 
node_modules/@testing-library/dom/dist/config.js:[2m37:19[22m[39m
[90m [2mΓ¥»[22m getElementError 
node_modules/@testing-library/dom/dist/query-helpers.js:[2m20:35[22m[39m
[90m [2mΓ¥»[22m getMultipleElementsFoundError 
node_modules/@testing-library/dom/dist/query-helpers.js:[2m23:10[22m[39m
[90m [2mΓ¥»[22m 
node_modules/@testing-library/dom/dist/query-helpers.js:[2m55:13[22m[39m
[90m [2mΓ¥»[22m 
node_modules/@testing-library/dom/dist/query-helpers.js:[2m95:19[22m[39m
[36m [2mΓ¥»[22m src/test/App.test.tsx:[2m49:21[22m[39m
    [90m 47|[39m       expect(screen.getByText('Skills & 
Expertise')).toBeInTheDocumentΓÇª
    [90m 48|[39m       
[34mexpect[39m(screen[33m.[39m[34mgetByText[39m([32m'Featured 
Projects'[39m))[33m.[39m[34mtoBeInTheDocument[39m()
    [90m 49|[39m       
[34mexpect[39m(screen[33m.[39m[34mgetByText[39m([32m'Get In 
Touch'[39m))[33m.[39m[34mtoBeInTheDocument[39m()
    [90m   |[39m                     [31m^[39m
    [90m 50|[39m     })
    [90m 51|[39m   })

[31m[2mΓÄ»ΓÄ»ΓÄ»ΓÄ»ΓÄ»ΓÄ»ΓÄ»ΓÄ»ΓÄ»ΓÄ»ΓÄ»ΓÄ»ΓÄ»ΓÄ»ΓÄ»ΓÄ»ΓÄ»ΓÄ»ΓÄ»ΓÄ»ΓÄ»ΓÄ»ΓÄ»Γ
Ä»[1/5]ΓÄ»[22m[39m

[41m[1m FAIL [22m[49m src/test/App.test.tsx[2m > [22mPortfolio App - 
Core Functionality[2m > [22mHero Section[2m > [22mshows call-to-action 
buttons
[31m[1mTestingLibraryElementError[22m[39m: Found multiple elements with 
the text: Get In Touch

Here are the matching elements:

Ignored nodes: comments, script, style
[36m<button[39m
  [33mclass[39m=[32m"px-8 py-4 border-2 border-purple-500 text-purple-400 
rounded-full font-semibold hover:bg-purple-500 hover:text-white transition-all 
duration-300"[39m
[36m>[39m
  [0mGet In Touch[0m
[36m</button>[39m

Ignored nodes: comments, script, style
[36m<span[39m
  [33mclass[39m=[32m"bg-gradient-to-r from-cyan-400 to-blue-400 
bg-clip-text text-transparent"[39m
[36m>[39m
  [0mGet In Touch[0m
[36m</span>[39m

(If this is intentional, then use the `*AllBy*` variant of the query (like 
`queryAllByText`, `getAllByText`, or `findAllByText`)).

Ignored nodes: comments, script, style
[36m<body>[39m
  [36m<div>[39m
    [36m<div[39m
      [33mclass[39m=[32m"min-h-screen bg-gradient-to-br from-slate-900 
via-purple-900 to-slate-900 transition-opacity duration-1000 opacity-100"[39m
    [36m>[39m
      [36m<nav[39m
        [33mclass[39m=[32m"fixed top-0 w-full z-50 bg-black/20 
backdrop-blur-md border-b border-white/10"[39m
      [36m>[39m
        [36m<div[39m
          [33mclass[39m=[32m"max-w-6xl mx-auto px-6 py-4"[39m
        [36m>[39m
          [36m<div[39m
            [33mclass[39m=[32m"flex justify-between items-center"[39m
          [36m>[39m
            [36m<div[39m
              [33mclass[39m=[32m"text-2xl font-bold bg-gradient-to-r 
from-blue-400 to-purple-400 bg-clip-text text-transparent"[39m
            [36m>[39m
              [0mKanikshaa R[0m
            [36m</div>[39m
            [36m<div[39m
              [33mclass[39m=[32m"hidden md:flex space-x-8"[39m
            [36m>[39m
              [36m<button[39m
                [33mclass[39m=[32m"capitalize text-sm font-medium 
transition-colors hover:text-blue-400 text-blue-400"[39m
              [36m>[39m
                [0mhome[0m
              [36m</button>[39m
              [36m<button[39m
                [33mclass[39m=[32m"capitalize text-sm font-medium 
transition-colors hover:text-blue-400 text-gray-300"[39m
              [36m>[39m
                [0mabout[0m
              [36m</button>[39m
              [36m<button[39m
                [33mclass[39m=[32m"capitalize text-sm font-medium 
transition-colors hover:text-blue-400 text-gray-300"[39m
              [36m>[39m
                [0mskills[0m
              [36m</button>[39m
              [36m<button[39m
                [33mclass[39m=[32m"capitalize text-sm font-medium 
transition-colors hover:text-blue-400 text-gray-300"[39m
              [36m>[39m
                [0mprojects[0m
              [36m</button>[39m
              [36m<button[39m
                [33mclass[39m=[32m"capitalize text-sm font-medium 
transition-colors hover:text-blue-400 text-gray-300"[39m
              [36m>[39m
                [0mcontact[0m
              [36m</button>[39m
            [36m</div>[39m
          [36m</div>[39m
        [36m</div>[39m
      [36m</nav>[39m
      [36m<section[39m
        [33mclass[39m=[32m"min-h-screen flex items-center justify-center 
px-6 pt-20"[39m
        [33mid[39m=[32m"home"[39m
      [36m>[39m
        [36m<div[39m
          [33mclass[39m=[32m"max-w-4xl mx-auto text-center"[39m
        [36m>[39m
          [36m<div[39m
            [33mclass[39m=[32m"relative mb-8"[39m
          [36m>[39m
            [36m<div[39m
              [33mclass[39m=[32m"w-40 h-40 mx-auto rounded-full 
bg-gradient-to-r from-blue-500 via-purple-500 to-pink-500 p-1 
animate-pulse"[39m
            [36m>[39m
              [36m<div[39m
                [33mclass[39m=[32m"w-full h-full rounded-full bg-slate-900 
flex items-center justify-center"[39m
              [36m>[39m
                [36m<span[39m
                  [33mclass[39m=[32m"text-5xl font-bold bg-gradient-to-r 
from-blue-400 to-purple-400 bg-clip-text text-transparent"[39m
                [36m>[39m
                  [0mKR[0m
                [36m</span>[39m
              [36m</div>[39m
            [36m</div>[39m
            [36m<div[39m
              [33mclass[39m=[32m"absolute -top-4 -right-4 w-8 h-8 
bg-blue-500 rounded-full animate-bounce"[39m
            [36m/>[39m
            [36m<div[39m
              [33mclass[39m=[32m"absolute -bottom-4 -left-4 w-6 h-6 
bg-purple-500 rounded-full animate-ping"[39m
            [36m/>[39m
          [36m</div>[39m
          [36m<h1[39m
            [33mclass[39m=[32m"text-6xl md:text-7xl font-bold mb-6"[39m
          [36m>[39m
            [36m<span[39m
              [33mclass[39m=[32m"bg-gradient-to-r from-blue-400 
via-purple-400 to-pink-400 bg-clip-text text-transparent animate-pulse"[39m
            [36m>[39m
              [0mHi, I'm Kanikshaa R[0m
            [36m</span>[39m
          [36m</h1>[39m
          [36m<div[39m
            [33mclass[39m=[32m"text-xl md:text-2xl text-gray-300 mb-8 
font-light"[39m
          [36m>[39m
            [0mAI/ML Engineer & Full-stack Developer[0m
          [36m</div>[39m
          [36m<p[39m
            [33mclass[39m=[32m"text-lg text-gray-400 mb-12 max-w-2xl 
mx-auto leading-relaxed"[39m
          [36m>[39m
            [0mI build intelligent machine learning solutions and scalable 
web applications. Passionate about AI, data science, and creating meaningful 
technological impact.[0m
          [36m</p>[39m
          [36m<div[39m
            [33mclass[39m=[32m"flex flex-col md:flex-row gap-6 
justify-center mb-16"[39m
          [36m>[39m
            [36m<button[39m
              [33mclass[39m=[32m"group px-8 py-4 bg-gradient-to-r 
from-blue-600 to-purple-600 rounded-full font-semibold text-white 
hover:from-blue-700 hover:to-purple-700 transition-all duration-300 transform 
hover:scale-105 shadow-lg hover:shadow-xl"[39m
            [36m>[39m
              [0mView My Work[0m
              [36m<div[39m
                [33mdata-testid[39m=[32m"chevron-icon"[39m
              [36m>[39m
                [0mChevron[0m
              [36m</div>[39m
            [36m</button>[39m
            [36m<button[39m
              [33mclass[39m=[32m"px-8 py-4 border-2 border-purple-500 
text-purple-400 rounded-full font-semibold hover:bg-purple-500 
hover:text-white transition-all duration-300"[39m
            [36m>[39m
              [0mGet In Touch[0m
            [36m</button>[39m
          [36m</div>[39m
          [36m<div[39m
            [33mclass[39m=[32m"animate-bounce"[39m
          [36m>[39m
            [36m<div[39m
              [33mdata-testid[39m=[32m"arrow-icon"[39m
            [36m>[39m
              [0mArrow[0m
            [36m</div>[39m
          [36m</div>[39m
        [36m</div>[39m
      [36m</section>[39m
      [36m<section[39m
        [33mclass[39m=[32m"py-20 px-6"[39m
        [33mid[39m=[32m"about"[39m
      [36m>[39m
        [36m<div[39m
          [33mclass[39m=[32m"max-w-6xl mx-auto"[39m
        [36m>[39m
          [36m<div[39m
            [33mclass[39m=[32m"text-center mb-16"[39m
          [36m>[39m
            [36m<h2[39m
              [33mclass[39m=[32m"text-4xl md:text-5xl font-bold mb-6"[39m
            [36m>[39m
              [36m<span[39m
                [33mclass[39m=[32m"bg-gradient-to-r from-blue-400 
to-purple-400 bg-clip-text text-transparent"[39m
              [36m>[39m
                [0mAbout Me[0m
              [36m</span>[39m
            [36m</h2>[39m
            [36m<div[39m
              [33mclass[39m=[32m"w-24 h-1 bg-gradient-to-r from-blue-500 
to-purple-500 mx-auto...
[90m [2mΓ¥»[22m Object.getElementError 
node_modules/@testing-library/dom/dist/config.js:[2m37:19[22m[39m
[90m [2mΓ¥»[22m getElementError 
node_modules/@testing-library/dom/dist/query-helpers.js:[2m20:35[22m[39m
[90m [2mΓ¥»[22m getMultipleElementsFoundError 
node_modules/@testing-library/dom/dist/query-helpers.js:[2m23:10[22m[39m
[90m [2mΓ¥»[22m 
node_modules/@testing-library/dom/dist/query-helpers.js:[2m55:13[22m[39m
[90m [2mΓ¥»[22m 
node_modules/@testing-library/dom/dist/query-helpers.js:[2m95:19[22m[39m
[36m [2mΓ¥»[22m src/test/App.test.tsx:[2m57:21[22m[39m
    [90m 55|[39m       [34mrender[39m([33m<[39m[33mApp[39m 
[33m/[39m[33m>[39m)
    [90m 56|[39m       
[34mexpect[39m(screen[33m.[39m[34mgetByText[39m([32m'View My 
Work'[39m))[33m.[39m[34mtoBeInTheDocument[39m()
    [90m 57|[39m       
[34mexpect[39m(screen[33m.[39m[34mgetByText[39m([32m'Get In 
Touch'[39m))[33m.[39m[34mtoBeInTheDocument[39m()
    [90m   |[39m                     [31m^[39m
    [90m 58|[39m     })
    [90m 59|[39m

[31m[2mΓÄ»ΓÄ»ΓÄ»ΓÄ»ΓÄ»ΓÄ»ΓÄ»ΓÄ»ΓÄ»ΓÄ»ΓÄ»ΓÄ»ΓÄ»ΓÄ»ΓÄ»ΓÄ»ΓÄ»ΓÄ»ΓÄ»ΓÄ»ΓÄ»ΓÄ»ΓÄ»Γ
Ä»[2/5]ΓÄ»[22m[39m

[41m[1m FAIL [22m[49m src/test/App.test.tsx[2m > [22mPortfolio App - 
Core Functionality[2m > [22mSkills Section[2m > [22mshows skill levels
[31m[1mTestingLibraryElementError[22m[39m: Found multiple elements with 
the text: Python

Here are the matching elements:

Ignored nodes: comments, script, style
[36m<span[39m
  [33mclass[39m=[32m"text-gray-300 font-medium"[39m
[36m>[39m
  [0mPython[0m
[36m</span>[39m

Ignored nodes: comments, script, style
[36m<span[39m
  [33mclass[39m=[32m"px-3 py-1 bg-white/10 text-white text-sm rounded-full 
border border-white/20 hover:bg-white/20 transition-colors"[39m
[36m>[39m
  [0mPython[0m
[36m</span>[39m

Ignored nodes: comments, script, style
[36m<span[39m
  [33mclass[39m=[32m"px-3 py-1 bg-white/10 text-white text-sm rounded-full 
border border-white/20 hover:bg-white/20 transition-colors"[39m
[36m>[39m
  [0mPython[0m
[36m</span>[39m

Ignored nodes: comments, script, style
[36m<span[39m
  [33mclass[39m=[32m"px-3 py-1 bg-white/10 text-white text-sm rounded-full 
border border-white/20 hover:bg-white/20 transition-colors"[39m
[36m>[39m
  [0mPython[0m
[36m</span>[39m

Ignored nodes: comments, script, style
[36m<span[39m
  [33mclass[39m=[32m"px-3 py-1 bg-white/10 text-white text-sm rounded-full 
border border-white/20 hover:bg-white/20 transition-colors"[39m
[36m>[39m
  [0mPython[0m
[36m</span>[39m

(If this is intentional, then use the `*AllBy*` variant of the query (like 
`queryAllByText`, `getAllByText`, or `findAllByText`)).

Ignored nodes: comments, script, style
[36m<body>[39m
  [36m<div>[39m
    [36m<div[39m
      [33mclass[39m=[32m"min-h-screen bg-gradient-to-br from-slate-900 
via-purple-900 to-slate-900 transition-opacity duration-1000 opacity-100"[39m
    [36m>[39m
      [36m<nav[39m
        [33mclass[39m=[32m"fixed top-0 w-full z-50 bg-black/20 
backdrop-blur-md border-b border-white/10"[39m
      [36m>[39m
        [36m<div[39m
          [33mclass[39m=[32m"max-w-6xl mx-auto px-6 py-4"[39m
        [36m>[39m
          [36m<div[39m
            [33mclass[39m=[32m"flex justify-between items-center"[39m
          [36m>[39m
            [36m<div[39m
              [33mclass[39m=[32m"text-2xl font-bold bg-gradient-to-r 
from-blue-400 to-purple-400 bg-clip-text text-transparent"[39m
            [36m>[39m
              [0mKanikshaa R[0m
            [36m</div>[39m
            [36m<div[39m
              [33mclass[39m=[32m"hidden md:flex space-x-8"[39m
            [36m>[39m
              [36m<button[39m
                [33mclass[39m=[32m"capitalize text-sm font-medium 
transition-colors hover:text-blue-400 text-blue-400"[39m
              [36m>[39m
                [0mhome[0m
              [36m</button>[39m
              [36m<button[39m
                [33mclass[39m=[32m"capitalize text-sm font-medium 
transition-colors hover:text-blue-400 text-gray-300"[39m
              [36m>[39m
                [0mabout[0m
              [36m</button>[39m
              [36m<button[39m
                [33mclass[39m=[32m"capitalize text-sm font-medium 
transition-colors hover:text-blue-400 text-gray-300"[39m
              [36m>[39m
                [0mskills[0m
              [36m</button>[39m
              [36m<button[39m
                [33mclass[39m=[32m"capitalize text-sm font-medium 
transition-colors hover:text-blue-400 text-gray-300"[39m
              [36m>[39m
                [0mprojects[0m
              [36m</button>[39m
              [36m<button[39m
                [33mclass[39m=[32m"capitalize text-sm font-medium 
transition-colors hover:text-blue-400 text-gray-300"[39m
              [36m>[39m
                [0mcontact[0m
              [36m</button>[39m
            [36m</div>[39m
          [36m</div>[39m
        [36m</div>[39m
      [36m</nav>[39m
      [36m<section[39m
        [33mclass[39m=[32m"min-h-screen flex items-center justify-center 
px-6 pt-20"[39m
        [33mid[39m=[32m"home"[39m
      [36m>[39m
        [36m<div[39m
          [33mclass[39m=[32m"max-w-4xl mx-auto text-center"[39m
        [36m>[39m
          [36m<div[39m
            [33mclass[39m=[32m"relative mb-8"[39m
          [36m>[39m
            [36m<div[39m
              [33mclass[39m=[32m"w-40 h-40 mx-auto rounded-full 
bg-gradient-to-r from-blue-500 via-purple-500 to-pink-500 p-1 
animate-pulse"[39m
            [36m>[39m
              [36m<div[39m
                [33mclass[39m=[32m"w-full h-full rounded-full bg-slate-900 
flex items-center justify-center"[39m
              [36m>[39m
                [36m<span[39m
                  [33mclass[39m=[32m"text-5xl font-bold bg-gradient-to-r 
from-blue-400 to-purple-400 bg-clip-text text-transparent"[39m
                [36m>[39m
                  [0mKR[0m
                [36m</span>[39m
              [36m</div>[39m
            [36m</div>[39m
            [36m<div[39m
              [33mclass[39m=[32m"absolute -top-4 -right-4 w-8 h-8 
bg-blue-500 rounded-full animate-bounce"[39m
            [36m/>[39m
            [36m<div[39m
              [33mclass[39m=[32m"absolute -bottom-4 -left-4 w-6 h-6 
bg-purple-500 rounded-full animate-ping"[39m
            [36m/>[39m
          [36m</div>[39m
          [36m<h1[39m
            [33mclass[39m=[32m"text-6xl md:text-7xl font-bold mb-6"[39m
          [36m>[39m
            [36m<span[39m
              [33mclass[39m=[32m"bg-gradient-to-r from-blue-400 
via-purple-400 to-pink-400 bg-clip-text text-transparent animate-pulse"[39m
            [36m>[39m
              [0mHi, I'm Kanikshaa R[0m
            [36m</span>[39m
          [36m</h1>[39m
          [36m<div[39m
            [33mclass[39m=[32m"text-xl md:text-2xl text-gray-300 mb-8 
font-light"[39m
          [36m>[39m
            [0mAI/ML Engineer & Full-stack Developer[0m
          [36m</div>[39m
          [36m<p[39m
            [33mclass[39m=[32m"text-lg text-gray-400 mb-12 max-w-2xl 
mx-auto leading-relaxed"[39m
          [36m>[39m
            [0mI build intelligent machine learning solutions and scalable 
web applications. Passionate about AI, data science, and creating meaningful 
technological impact.[0m
          [36m</p>[39m
          [36m<div[39m
            [33mclass[39m=[32m"flex flex-col md:flex-row gap-6 
justify-center mb-16"[39m
          [36m>[39m
            [36m<button[39m
              [33mclass[39m=[32m"group px-8 py-4 bg-gradient-to-r 
from-blue-600 to-purple-600 rounded-full font-semibold text-white 
hover:from-blue-700 hover:to-purple-700 transition-all duration-300 transform 
hover:scale-105 shadow-lg hover:shadow-xl"[39m
            [36m>[39m
              [0mView My Work[0m
              [36m<div[39m
                [33mdata-testid[39m=[32m"chevron-icon"[39m
              [36m>[39m
                [0mChevron[0m
              [36m</div>[39m
            [36m</button>[39m
            [36m<button[39m
              [33mclass[39m=[32m"px-8 py-4 border-2 border-purple-500 
text-purple-400 rounded-full font-semibold hover:bg-purple-500 
hover:text-white transition-all duration-300"[39m
            [36m>[39m
              [0mGet In Touch[0m
            [36m</button>[39m
          [36m</div>[39m
          [36m<div[39m
            [33mclass[39m=[32m"animate-bounce"[39m
          [36m>[39m
            [36m<div[39m
              [33mdata-testid[39m=[32m"arrow-icon"[39m
            [36m>[39m
              [0mArrow[0m
            [36m</div>[39m
          [36m</div>[39m
        [36m</div>[39m
      [36m</section>[39m
      [36m<section[39m
        [33mclass[39m=[32m"py-20 px-6"[39m
        [33mid[39m=[32m"about"[39m
      [36m>[39m
        [36m<div[39m
          [33mclass[39m=[32m"max-w-6xl mx-auto"[39m
        [36m>[39m
          [36m<div[39m
            [33mclass[39m=[32m"text-center mb-16"[39m
          [36m>[39m
            [36m<h2[39m
              [33mclass[39m=[32m"text-4xl md:text-5xl font-bold mb-6"[39m
            [36m>[39m
              [36m<span[39m
                [33mclass[39m=[32m"bg-gradient-to-r from-blue-400 
to-purple-400 bg-clip-text text-transparent"[39m
              [36m>[39m
                [0mAbout Me[0m
              [36m</span>[39m
            [36m</h2>[39m
            [36m<div[39m
              [33mclass[39m=[32m"w-24 h-1 bg-gradient-to-r from-blue-500 
to-purple-500 mx-auto...
[90m [2mΓ¥»[22m Object.getElementError 
node_modules/@testing-library/dom/dist/config.js:[2m37:19[22m[39m
[90m [2mΓ¥»[22m getElementError 
node_modules/@testing-library/dom/dist/query-helpers.js:[2m20:35[22m[39m
[90m [2mΓ¥»[22m getMultipleElementsFoundError 
node_modules/@testing-library/dom/dist/query-helpers.js:[2m23:10[22m[39m
[90m [2mΓ¥»[22m 
node_modules/@testing-library/dom/dist/query-helpers.js:[2m55:13[22m[39m
[90m [2mΓ¥»[22m 
node_modules/@testing-library/dom/dist/query-helpers.js:[2m95:19[22m[39m
[36m [2mΓ¥»[22m src/test/App.test.tsx:[2m96:21[22m[39m
    [90m 94|[39m     [34mit[39m([32m'shows skill levels'[39m[33m,[39m 
() [33m=>[39m {
    [90m 95|[39m       [34mrender[39m([33m<[39m[33mApp[39m 
[33m/[39m[33m>[39m)
    [90m 96|[39m       [34mexpect[39m(screen[33m.[39m[34mgetByText[39m(
[32m'Python'[39m))[33m.[39m[34mtoBeInTheDocument[39m()
    [90m   |[39m                     [31m^[39m
    [90m 97|[39m       [34mexpect[39m(screen[33m.[39m[34mgetByText[39m(
[32m'95%'[39m))[33m.[39m[34mtoBeInTheDocument[39m()
    [90m 98|[39m       [34mexpect[39m(screen[33m.[39m[34mgetByText[39m(
[32m'Scikit-learn'[39m))[33m.[39m[34mtoBeInTheDocument[39m()

[31m[2mΓÄ»ΓÄ»ΓÄ»ΓÄ»ΓÄ»ΓÄ»ΓÄ»ΓÄ»ΓÄ»ΓÄ»ΓÄ»ΓÄ»ΓÄ»ΓÄ»ΓÄ»ΓÄ»ΓÄ»ΓÄ»ΓÄ»ΓÄ»ΓÄ»ΓÄ»ΓÄ»Γ
Ä»[3/5]ΓÄ»[22m[39m

[41m[1m FAIL [22m[49m src/test/App.test.tsx[2m > [22mPortfolio App - 
Core Functionality[2m > [22mProjects Section[2m > [22mshows technologies
[31m[1mTestingLibraryElementError[22m[39m: Found multiple elements with 
the text: Python

Here are the matching elements:

Ignored nodes: comments, script, style
[36m<span[39m
  [33mclass[39m=[32m"text-gray-300 font-medium"[39m
[36m>[39m
  [0mPython[0m
[36m</span>[39m

Ignored nodes: comments, script, style
[36m<span[39m
  [33mclass[39m=[32m"px-3 py-1 bg-white/10 text-white text-sm rounded-full 
border border-white/20 hover:bg-white/20 transition-colors"[39m
[36m>[39m
  [0mPython[0m
[36m</span>[39m

Ignored nodes: comments, script, style
[36m<span[39m
  [33mclass[39m=[32m"px-3 py-1 bg-white/10 text-white text-sm rounded-full 
border border-white/20 hover:bg-white/20 transition-colors"[39m
[36m>[39m
  [0mPython[0m
[36m</span>[39m

Ignored nodes: comments, script, style
[36m<span[39m
  [33mclass[39m=[32m"px-3 py-1 bg-white/10 text-white text-sm rounded-full 
border border-white/20 hover:bg-white/20 transition-colors"[39m
[36m>[39m
  [0mPython[0m
[36m</span>[39m

Ignored nodes: comments, script, style
[36m<span[39m
  [33mclass[39m=[32m"px-3 py-1 bg-white/10 text-white text-sm rounded-full 
border border-white/20 hover:bg-white/20 transition-colors"[39m
[36m>[39m
  [0mPython[0m
[36m</span>[39m

(If this is intentional, then use the `*AllBy*` variant of the query (like 
`queryAllByText`, `getAllByText`, or `findAllByText`)).

Ignored nodes: comments, script, style
[36m<body>[39m
  [36m<div>[39m
    [36m<div[39m
      [33mclass[39m=[32m"min-h-screen bg-gradient-to-br from-slate-900 
via-purple-900 to-slate-900 transition-opacity duration-1000 opacity-100"[39m
    [36m>[39m
      [36m<nav[39m
        [33mclass[39m=[32m"fixed top-0 w-full z-50 bg-black/20 
backdrop-blur-md border-b border-white/10"[39m
      [36m>[39m
        [36m<div[39m
          [33mclass[39m=[32m"max-w-6xl mx-auto px-6 py-4"[39m
        [36m>[39m
          [36m<div[39m
            [33mclass[39m=[32m"flex justify-between items-center"[39m
          [36m>[39m
            [36m<div[39m
              [33mclass[39m=[32m"text-2xl font-bold bg-gradient-to-r 
from-blue-400 to-purple-400 bg-clip-text text-transparent"[39m
            [36m>[39m
              [0mKanikshaa R[0m
            [36m</div>[39m
            [36m<div[39m
              [33mclass[39m=[32m"hidden md:flex space-x-8"[39m
            [36m>[39m
              [36m<button[39m
                [33mclass[39m=[32m"capitalize text-sm font-medium 
transition-colors hover:text-blue-400 text-blue-400"[39m
              [36m>[39m
                [0mhome[0m
              [36m</button>[39m
              [36m<button[39m
                [33mclass[39m=[32m"capitalize text-sm font-medium 
transition-colors hover:text-blue-400 text-gray-300"[39m
              [36m>[39m
                [0mabout[0m
              [36m</button>[39m
              [36m<button[39m
                [33mclass[39m=[32m"capitalize text-sm font-medium 
transition-colors hover:text-blue-400 text-gray-300"[39m
              [36m>[39m
                [0mskills[0m
              [36m</button>[39m
              [36m<button[39m
                [33mclass[39m=[32m"capitalize text-sm font-medium 
transition-colors hover:text-blue-400 text-gray-300"[39m
              [36m>[39m
                [0mprojects[0m
              [36m</button>[39m
              [36m<button[39m
                [33mclass[39m=[32m"capitalize text-sm font-medium 
transition-colors hover:text-blue-400 text-gray-300"[39m
              [36m>[39m
                [0mcontact[0m
              [36m</button>[39m
            [36m</div>[39m
          [36m</div>[39m
        [36m</div>[39m
      [36m</nav>[39m
      [36m<section[39m
        [33mclass[39m=[32m"min-h-screen flex items-center justify-center 
px-6 pt-20"[39m
        [33mid[39m=[32m"home"[39m
      [36m>[39m
        [36m<div[39m
          [33mclass[39m=[32m"max-w-4xl mx-auto text-center"[39m
        [36m>[39m
          [36m<div[39m
            [33mclass[39m=[32m"relative mb-8"[39m
          [36m>[39m
            [36m<div[39m
              [33mclass[39m=[32m"w-40 h-40 mx-auto rounded-full 
bg-gradient-to-r from-blue-500 via-purple-500 to-pink-500 p-1 
animate-pulse"[39m
            [36m>[39m
              [36m<div[39m
                [33mclass[39m=[32m"w-full h-full rounded-full bg-slate-900 
flex items-center justify-center"[39m
              [36m>[39m
                [36m<span[39m
                  [33mclass[39m=[32m"text-5xl font-bold bg-gradient-to-r 
from-blue-400 to-purple-400 bg-clip-text text-transparent"[39m
                [36m>[39m
                  [0mKR[0m
                [36m</span>[39m
              [36m</div>[39m
            [36m</div>[39m
            [36m<div[39m
              [33mclass[39m=[32m"absolute -top-4 -right-4 w-8 h-8 
bg-blue-500 rounded-full animate-bounce"[39m
            [36m/>[39m
            [36m<div[39m
              [33mclass[39m=[32m"absolute -bottom-4 -left-4 w-6 h-6 
bg-purple-500 rounded-full animate-ping"[39m
            [36m/>[39m
          [36m</div>[39m
          [36m<h1[39m
            [33mclass[39m=[32m"text-6xl md:text-7xl font-bold mb-6"[39m
          [36m>[39m
            [36m<span[39m
              [33mclass[39m=[32m"bg-gradient-to-r from-blue-400 
via-purple-400 to-pink-400 bg-clip-text text-transparent animate-pulse"[39m
            [36m>[39m
              [0mHi, I'm Kanikshaa R[0m
            [36m</span>[39m
          [36m</h1>[39m
          [36m<div[39m
            [33mclass[39m=[32m"text-xl md:text-2xl text-gray-300 mb-8 
font-light"[39m
          [36m>[39m
            [0mAI/ML Engineer & Full-stack Developer[0m
          [36m</div>[39m
          [36m<p[39m
            [33mclass[39m=[32m"text-lg text-gray-400 mb-12 max-w-2xl 
mx-auto leading-relaxed"[39m
          [36m>[39m
            [0mI build intelligent machine learning solutions and scalable 
web applications. Passionate about AI, data science, and creating meaningful 
technological impact.[0m
          [36m</p>[39m
          [36m<div[39m
            [33mclass[39m=[32m"flex flex-col md:flex-row gap-6 
justify-center mb-16"[39m
          [36m>[39m
            [36m<button[39m
              [33mclass[39m=[32m"group px-8 py-4 bg-gradient-to-r 
from-blue-600 to-purple-600 rounded-full font-semibold text-white 
hover:from-blue-700 hover:to-purple-700 transition-all duration-300 transform 
hover:scale-105 shadow-lg hover:shadow-xl"[39m
            [36m>[39m
              [0mView My Work[0m
              [36m<div[39m
                [33mdata-testid[39m=[32m"chevron-icon"[39m
              [36m>[39m
                [0mChevron[0m
              [36m</div>[39m
            [36m</button>[39m
            [36m<button[39m
              [33mclass[39m=[32m"px-8 py-4 border-2 border-purple-500 
text-purple-400 rounded-full font-semibold hover:bg-purple-500 
hover:text-white transition-all duration-300"[39m
            [36m>[39m
              [0mGet In Touch[0m
            [36m</button>[39m
          [36m</div>[39m
          [36m<div[39m
            [33mclass[39m=[32m"animate-bounce"[39m
          [36m>[39m
            [36m<div[39m
              [33mdata-testid[39m=[32m"arrow-icon"[39m
            [36m>[39m
              [0mArrow[0m
            [36m</div>[39m
          [36m</div>[39m
        [36m</div>[39m
      [36m</section>[39m
      [36m<section[39m
        [33mclass[39m=[32m"py-20 px-6"[39m
        [33mid[39m=[32m"about"[39m
      [36m>[39m
        [36m<div[39m
          [33mclass[39m=[32m"max-w-6xl mx-auto"[39m
        [36m>[39m
          [36m<div[39m
            [33mclass[39m=[32m"text-center mb-16"[39m
          [36m>[39m
            [36m<h2[39m
              [33mclass[39m=[32m"text-4xl md:text-5xl font-bold mb-6"[39m
            [36m>[39m
              [36m<span[39m
                [33mclass[39m=[32m"bg-gradient-to-r from-blue-400 
to-purple-400 bg-clip-text text-transparent"[39m
              [36m>[39m
                [0mAbout Me[0m
              [36m</span>[39m
            [36m</h2>[39m
            [36m<div[39m
              [33mclass[39m=[32m"w-24 h-1 bg-gradient-to-r from-blue-500 
to-purple-500 mx-auto...
[90m [2mΓ¥»[22m Object.getElementError 
node_modules/@testing-library/dom/dist/config.js:[2m37:19[22m[39m
[90m [2mΓ¥»[22m getElementError 
node_modules/@testing-library/dom/dist/query-helpers.js:[2m20:35[22m[39m
[90m [2mΓ¥»[22m getMultipleElementsFoundError 
node_modules/@testing-library/dom/dist/query-helpers.js:[2m23:10[22m[39m
[90m [2mΓ¥»[22m 
node_modules/@testing-library/dom/dist/query-helpers.js:[2m55:13[22m[39m
[90m [2mΓ¥»[22m 
node_modules/@testing-library/dom/dist/query-helpers.js:[2m95:19[22m[39m
[36m [2mΓ¥»[22m src/test/App.test.tsx:[2m121:21[22m[39m
    [90m119|[39m     [34mit[39m([32m'shows technologies'[39m[33m,[39m 
() [33m=>[39m {
    [90m120|[39m       [34mrender[39m([33m<[39m[33mApp[39m 
[33m/[39m[33m>[39m)
    [90m121|[39m       [34mexpect[39m(screen[33m.[39m[34mgetByText[39m(
[32m'Python'[39m))[33m.[39m[34mtoBeInTheDocument[39m()
    [90m   |[39m                     [31m^[39m
    [90m122|[39m       [34mexpect[39m(screen[33m.[39m[34mgetByText[39m(
[32m'FastAPI'[39m))[33m.[39m[34mtoBeInTheDocument[39m()
    [90m123|[39m       [34mexpect[39m(screen[33m.[39m[34mgetByText[39m(
[32m'Scikit-learn'[39m))[33m.[39m[34mtoBeInTheDocument[39m()

[31m[2mΓÄ»ΓÄ»ΓÄ»ΓÄ»ΓÄ»ΓÄ»ΓÄ»ΓÄ»ΓÄ»ΓÄ»ΓÄ»ΓÄ»ΓÄ»ΓÄ»ΓÄ»ΓÄ»ΓÄ»ΓÄ»ΓÄ»ΓÄ»ΓÄ»ΓÄ»ΓÄ»Γ
Ä»[4/5]ΓÄ»[22m[39m

[41m[1m FAIL [22m[49m src/test/App.test.tsx[2m > [22mPortfolio App - 
Core Functionality[2m > [22mAccessibility[2m > [22mbuttons have 
descriptive text
[31m[1mTestingLibraryElementError[22m[39m: Unable to find an accessible 
element with the role "button" and name "View My Work"

Here are the accessible roles:

  navigation:

  Name "":
  [36m<nav[39m
    [33mclass[39m=[32m"fixed top-0 w-full z-50 bg-black/20 backdrop-blur-md 
border-b border-white/10"[39m
  [36m/>[39m

  --------------------------------------------------
  button:

  Name "home":
  [36m<button[39m
    [33mclass[39m=[32m"capitalize text-sm font-medium transition-colors 
hover:text-blue-400 text-blue-400"[39m
  [36m/>[39m

  Name "about":
  [36m<button[39m
    [33mclass[39m=[32m"capitalize text-sm font-medium transition-colors 
hover:text-blue-400 text-gray-300"[39m
  [36m/>[39m

  Name "skills":
  [36m<button[39m
    [33mclass[39m=[32m"capitalize text-sm font-medium transition-colors 
hover:text-blue-400 text-gray-300"[39m
  [36m/>[39m

  Name "projects":
  [36m<button[39m
    [33mclass[39m=[32m"capitalize text-sm font-medium transition-colors 
hover:text-blue-400 text-gray-300"[39m
  [36m/>[39m

  Name "contact":
  [36m<button[39m
    [33mclass[39m=[32m"capitalize text-sm font-medium transition-colors 
hover:text-blue-400 text-gray-300"[39m
  [36m/>[39m

  Name "View My Work Chevron":
  [36m<button[39m
    [33mclass[39m=[32m"group px-8 py-4 bg-gradient-to-r from-blue-600 
to-purple-600 rounded-full font-semibold text-white hover:from-blue-700 
hover:to-purple-700 transition-all duration-300 transform hover:scale-105 
shadow-lg hover:shadow-xl"[39m
  [36m/>[39m

  Name "Get In Touch":
  [36m<button[39m
    [33mclass[39m=[32m"px-8 py-4 border-2 border-purple-500 text-purple-400 
rounded-full font-semibold hover:bg-purple-500 hover:text-white transition-all 
duration-300"[39m
  [36m/>[39m

  Name "Send Message":
  [36m<button[39m
    [33mclass[39m=[32m"w-full py-4 bg-gradient-to-r from-blue-600 
to-purple-600 rounded-xl font-semibold text-white hover:from-blue-700 
hover:to-purple-700 transition-all duration-300 transform hover:scale-105"[39m
    [33mtype[39m=[32m"submit"[39m
  [36m/>[39m

  --------------------------------------------------
  heading:

  Name "Hi, I'm Kanikshaa R":
  [36m<h1[39m
    [33mclass[39m=[32m"text-6xl md:text-7xl font-bold mb-6"[39m
  [36m/>[39m

  Name "About Me":
  [36m<h2[39m
    [33mclass[39m=[32m"text-4xl md:text-5xl font-bold mb-6"[39m
  [36m/>[39m

  Name "Skills & Expertise":
  [36m<h2[39m
    [33mclass[39m=[32m"text-4xl md:text-5xl font-bold mb-6"[39m
  [36m/>[39m

  Name "Programming":
  [36m<h3[39m
    [33mclass[39m=[32m"text-2xl font-bold text-white"[39m
  [36m/>[39m

  Name "ML/AI":
  [36m<h3[39m
    [33mclass[39m=[32m"text-2xl font-bold text-white"[39m
  [36m/>[39m

  Name "Tools & Cloud":
  [36m<h3[39m
    [33mclass[39m=[32m"text-2xl font-bold text-white"[39m
  [36m/>[39m

  Name "Certifications":
  [36m<h3[39m
    [33mclass[39m=[32m"text-3xl font-bold text-center mb-8"[39m
  [36m/>[39m

  Name "Oracle Cloud Infrastructure":
  [36m<h4[39m
    [33mclass[39m=[32m"text-white font-semibold mb-2"[39m
  [36m/>[39m

  Name "Microsoft Azure":
  [36m<h4[39m
    [33mclass[39m=[32m"text-white font-semibold mb-2"[39m
  [36m/>[39m

  Name "MongoDB":
  [36m<h4[39m
    [33mclass[39m=[32m"text-white font-semibold mb-2"[39m
  [36m/>[39m

  Name "Infosys Java":
  [36m<h4[39m
    [33mclass[39m=[32m"text-white font-semibold mb-2"[39m
  [36m/>[39m

  Name "Featured Projects":
  [36m<h2[39m
    [33mclass[39m=[32m"text-4xl md:text-5xl font-bold mb-6"[39m
  [36m/>[39m

  Name "Interoperable EHR System":
  [36m<h3[39m
    [33mclass[39m=[32m"text-2xl font-bold text-white"[39m
  [36m/>[39m

  Name "Spam Mail Prediction":
  [36m<h3[39m
    [33mclass[39m=[32m"text-2xl font-bold text-white"[39m
  [36m/>[39m

  Name "Car Price Prediction":
  [36m<h3[39m
    [33mclass[39m=[32m"text-2xl font-bold text-white"[39m
  [36m/>[39m

  Name "R&D Tax Credit Analysis":
  [36m<h3[39m
    [33mclass[39m=[32m"text-2xl font-bold text-white"[39m
  [36m/>[39m

  Name "Get In Touch":
  [36m<h2[39m
    [33mclass[39m=[32m"text-4xl md:text-5xl font-bold mb-6"[39m
  [36m/>[39m

  Name "Email":
  [36m<h3[39m
    [33mclass[39m=[32m"text-xl font-semibold text-white mb-1"[39m
  [36m/>[39m

  Name "Phone":
  [36m<h3[39m
    [33mclass[39m=[32m"text-xl font-semibold text-white mb-1"[39m
  [36m/>[39m

  Name "Location":
  [36m<h3[39m
    [33mclass[39m=[32m"text-xl font-semibold text-white mb-1"[39m
  [36m/>[39m

  Name "Follow Me":
  [36m<h3[39m
    [33mclass[39m=[32m"text-xl font-semibold text-white mb-6"[39m
  [36m/>[39m

  --------------------------------------------------
  paragraph:

  Name "":
  [36m<p[39m
    [33mclass[39m=[32m"text-lg text-gray-400 mb-12 max-w-2xl mx-auto 
leading-relaxed"[39m
  [36m/>[39m

  Name "":
  [36m<p[39m
    [33mclass[39m=[32m"text-gray-300 text-lg leading-relaxed"[39m
  [36m/>[39m

  Name "":
  [36m<p[39m
    [33mclass[39m=[32m"text-gray-300 text-lg leading-relaxed"[39m
  [36m/>[39m

  Name "":
  [36m<p[39m
    [33mclass[39m=[32m"text-white font-semibold"[39m
  [36m/>[39m

  Name "":
  [36m<p[39m
    [33mclass[39m=[32m"text-gray-400 text-sm"[39m
  [36m/>[39m

  Name "":
  [36m<p[39m
    [33mclass[39m=[32m"text-gray-500 text-xs"[39m
  [36m/>[39m

  Name "":
  [36m<p[39m
    [33mclass[39m=[32m"text-gray-400 text-sm"[39m
  [36m/>[39m

  Name "":
  [36m<p[39m
    [33mclass[39m=[32m"text-gray-400 text-sm"[39m
  [36m/>[39m

  Name "":
  [36m<p[39m
    [33mclass[39m=[32m"text-gray-400 text-sm"[39m
  [36m/>[39m

  Name "":
  [36m<p[39m
    [33mclass[39m=[32m"text-gray-400 text-sm"[39m
  [36m/>[39m

  Name "":
  [36m<p[39m
    [33mclass[39m=[32m"text-gray-300 mb-6 leading-relaxed"[39m
  [36m/>[39m

  Name "":
  [36m<p[39m
    [33mclass[39m=[32m"text-gray-300 mb-6 leading-relaxed"[39m
  [36m/>[39m

  Name "":
  [36m<p[39m
    [33mclass[39m=[32m"text-gray-300 mb-6 leading-relaxed"[39m
  [36m/>[39m

  Name "":
  [36m<p[39m
    [33mclass[39m=[32m"text-gray-300 mb-6 leading-relaxed"[39m
  [36m/>[39m

  Name "":
  [36m<p[39m
    [33mclass[39m=[32m"text-gray-300"[39m
  [36m/>[39m

  Name "":
  [36m<p[39m
    [33mclass[39m=[32m"text-gray-300"[39m
  [36m/>[39m

  Name "":
  [36m<p[39m
    [33mclass[39m=[32m"text-gray-300"[39m
  [36m/>[39m

  Name "":
  [36m<p[39m
    [33mclass[39m=[32m"text-gray-400 mb-6"[39m
  [36m/>[39m

  --------------------------------------------------
  link:

  Name "GitHub":
  [36m<a[39m
    [33mclass[39m=[32m"p-4 bg-slate-800/50 rounded-2xl 
hover:bg-slate-700/50 transition-colors group"[39m
    [33mhref[39m=[32m"#"[39m
  [36m/>[39m

  Name "LinkedIn":
  [36m<a[39m
    [33mclass[39m=[32m"p-4 bg-slate-800/50 rounded-2xl 
hover:bg-slate-700/50 transition-colors group"[39m
    [33mhref[39m=[32m"#"[39m
  [36m/>[39m

  Name "Twitter":
  [36m<a[39m
    [33mclass[39m=[32m"p-4 bg-slate-800/50 rounded-2xl 
hover:bg-slate-700/50 transition-colors group"[39m
    [33mhref[39m=[32m"#"[39m
  [36m/>[39m

  --------------------------------------------------
  textbox:

  Name "Full Name":
  [36m<input[39m
    [33mclass[39m=[32m"w-full px-4 py-3 bg-slate-800/50 border 
border-slate-600/50 rounded-xl text-white placeholder-gray-400 
focus:border-blue-500 focus:outline-none transition-colors"[39m
    [33mid[39m=[32m"fullName"[39m
    [33mplaceholder[39m=[32m"Your Name"[39m
    [33mtype[39m=[32m"text"[39m
  [36m/>[39m

  Name "Email Address":
  [36m<input[39m
    [33mclass[39m=[32m"w-full px-4 py-3 bg-slate-800/50 border 
border-slate-600/50 rounded-xl text-white placeholder-gray-400 
focus:border-blue-500 focus:outline-none transition-colors"[39m
    [33mid[39m=[32m"emailAddress"[39m
    [33mplaceholder[39m=[32m"your@email.com"[39m
    [33mtype[39m=[32m"email"[39m
  [36m/>[39m

  Name "Subject":
  [36m<input[39m
    [33mclass[39m=[32m"w-full px-4 py-3 bg-slate-800/50 border 
border-slate-600/50 rounded-xl text-white placeholder-gray-400 
focus:border-blue-500 focus:outline-none transition-colors"[39m
    [33mid[39m=[32m"subject"[39m
    [33mplaceholder[39m=[32m"What's this about?"[39m
    [33mtype[39m=[32m"text"[39m
  [36m/>[39m

  Name "Message":
  [36m<textarea[39m
    [33mclass[39m=[32m"w-full px-4 py-3 bg-slate-800/50 border 
border-slate-600/50 rounded-xl text-white placeholder-gray-400 
focus:border-blue-500 focus:outline-none transition-colors resize-none"[39m
    [33mid[39m=[32m"message"[39m
    [33mplaceholder[39m=[32m"Your message here..."[39m
    [33mrows[39m=[32m"5"[39m
  [36m/>[39m

  --------------------------------------------------
  contentinfo:

  Name "":
  [36m<footer[39m
    [33mclass[39m=[32m"py-12 px-6 border-t border-slate-800/50"[39m
  [36m/>[39m

  --------------------------------------------------

Ignored nodes: comments, script, style
[36m<body>[39m
  [36m<div>[39m
    [36m<div[39m
      [33mclass[39m=[32m"min-h-screen bg-gradient-to-br from-slate-900 
via-purple-900 to-slate-900 transition-opacity duration-1000 opacity-100"[39m
    [36m>[39m
      [36m<nav[39m
        [33mclass[39m=[32m"fixed top-0 w-full z-50 bg-black/20 
backdrop-blur-md border-b border-white/10"[39m
      [36m>[39m
        [36m<div[39m
          [33mclass[39m=[32m"max-w-6xl mx-auto px-6 py-4"[39m
        [36m>[39m
          [36m<div[39m
            [33mclass[39m=[32m"flex justify-between items-center"[39m
          [36m>[39m
            [36m<div[39m
              [33mclass[39m=[32m"text-2xl font-bold bg-gradient-to-r 
from-blue-400 to-purple-400 bg-clip-text text-transparent"[39m
            [36m>[39m
              [0mKanikshaa R[0m
            [36m</div>[39m
            [36m<div[39m
              [33mclass[39m=[32m"hidden md:flex space-x-8"[39m
            [36m>[39m
              [36m<button[39m
                [33mclass[39m=[32m"capitalize text-sm font-medium 
transition-colors hover:text-blue-400 text-blue-400"[39m
              [36m>[39m
                [0mhome[0m
              [36m</button>[39m
              [36m<button[39m
                [33mclass[39m=[32m"capitalize text-sm font-medium 
transition-colors hover:text-blue-400 text-gray-300"[39m
              [36m>[39m
                [0mabout[0m
              [36m</button>[39m
              [36m<button[39m
                [33mclass[39m=[32m"capitalize text-sm font-medium 
transition-colors hover:text-blue-400 text-gray-300"[39m
              [36m>[39m
                [0mskills[0m
              [36m</button>[39m
              [36m<button[39m
                [33mclass[39m=[32m"capitalize text-sm font-medium 
transition-colors hover:text-blue-400 text-gray-300"[39m
              [36m>[39m
                [0mprojects[0m
              [36m</button>[39m
              [36m<button[39m
                [33mclass[39m=[32m"capitalize text-sm font-medium 
transition-colors hover:text-blue-400 text-gray-300"[39m
              [36m>[39m
                [0mcontact[0m
              [36m</button>[39m
            [36m</div>[39m
          [36m</div>[39m
        [36m</div>[39m
      [36m</nav>[39m

[2m Test Files [22m [1m[31m1 failed[39m[22m[90m (1)[39m
[2m      Tests [22m [1m[31m5 failed[39m[22m[2m | [22m[1m[32m22 passed[39m[22m[90m (27)[39m
[2m   Start at [22m 15:40:32
[2m   Duration [22m 2.94s[2m (transform 109ms, setup 117ms, import 226ms, tests 1.30s, environment 1.07s)[22m

      [36m<section[39m
        [33mclass[39m=[32m"min-h-screen flex items-center justify-center 
px-6 pt-20"[39m
        [33mid[39m=[32m"home"[39m
      [36m>[39m
        [36m<div[39m
          [33mclass[39m=[32m"max-w-4xl mx-auto text-center"[39m
        [36m>[39m
          [36m<div[39m
            [33mclass[39m=[32m"relative mb-8"[39m
          [36m>[39m
            [36m<div[39m
              [33mclass[39m=[32m"w-40 h-40 mx-auto rounded-full 
bg-gradient-to-r from-blue-500 via-purple-500 to-pink-500 p-1 
animate-pulse"[39m
            [36m>[39m
              [36m<div[39m
                [33mclass[39m=[32m"w-full h-full rounded-full bg-slate-900 
flex items-center justify-center"[39m
              [36m>[39m
                [36m<span[39m
                  [33mclass[39m=[32m"text-5xl font-bold bg-gradient-to-r 
from-blue-400 to-purple-400 bg-clip-text text-transparent"[39m
                [36m>[39m
                  [0mKR[0m
                [36m</span>[39m
              [36m</div>[39m
            [36m</div>[39m
            [36m<div[39m
              [33mclass[39m=[32m"absolute -top-4 -right-4 w-8 h-8 
bg-blue-500 rounded-full animate-bounce"[39m
            [36m/>[39m
            [36m<div[39m
              [33mclass[39m=[32m"absolute -bottom-4 -left-4 w-6 h-6 
bg-purple-500 rounded-full animate-ping"[39m
            [36m/>[39m
          [36m</div>[39m
          [36m<h1[39m
            [33mclass[39m=[32m"text-6xl md:text-7xl font-bold mb-6"[39m
          [36m>[39m
            [36m<span[39m
              [33mclass[39m=[32m"bg-gradient-to-r from-blue-400 
via-purple-400 to-pink-400 bg-clip-text text-transparent animate-pulse"[39m
            [36m>[39m
              [0mHi, I'm Kanikshaa R[0m
            [36m</span>[39m
          [36m</h1>[39m
          [36m<div[39m
            [33mclass[39m=[32m"text-xl md:text-2xl text-gray-300 mb-8 
font-light"[39m
          [36m>[39m
            [0mAI/ML Engineer & Full-stack Developer[0m
          [36m</div>[39m
          [36m<p[39m
            [33mclass[39m=[32m"text-lg text-gray-400 mb-12 max-w-2xl 
mx-auto leading-relaxed"[39m
          [36m>[39m
            [0mI build intelligent machine learning solutions and scalable 
web applications. Passionate about AI, data science, and creating meaningful 
technological impact.[0m
          [36m</p>[39m
          [36m<div[39m
            [33mclass[39m=[32m"flex flex-col md:flex-row gap-6 
justify-center mb-16"[39m
          [36m>[39m
            [36m<button[39m
              [33mclass[39m=[32m"group px-8 py-4 bg-gradient-to-r 
from-blue-600 to-purple-600 rounded-full font-semibold text-white 
hover:from-blue-700 hover:to-purple-700 transition-all duration-300 transform 
hover:scale-105 shadow-lg hover:shadow-xl"[39m
            [36m>[39m
              [0mView My Work[0m
              [36m<div[39m
                [33mdata-testid[39m=[32m"chevron-icon"[39m
              [36m>[39m
                [0mChevron[0m
              [36m</div>[39m
            [36m</button>[39m
            [36m<button[39m
              [33mclass[39m=[32m"px-8 py-4 border-2 border-purple-500 
text-purple-400 rounded-full font-semibold hover:bg-purple-500 
hover:text-white transition-all duration-300"[39m
            [36m>[39m
              [0mGet In Touch[0m
            [36m</button>[39m
          [36m</div>[39m
          [36m<div[39m
            [33mclass[39m=[32m"animate-bounce"[39m
          [36m>[39m
            [36m<div[39m
              [33mdata-testid[39m=[32m"arrow-icon"[39m
            [36m>[39m
              [0mArrow[0m
            [36m</div>[39m
          [36m</div>[39m
        [36m</div>[39m
      [36m</section>[39m
      [36m<section[39m
        [33mclass[39m=[32m"py-20 px-6"[39m
        [33mid[39m=[32m"about"[39m
      [36m>[39m
        [36m<div[39m
          [33mclass[39m=[32m"max-w-6xl mx-auto"[39m
        [36m>[39m
          [36m<div[39m
            [33mclass[39m=[32m"text-center mb-16"[39m
          [36m>[39m
            [36m<h2[39m
              [33mclass[39m=[32m"text-4xl md:text-5xl font-bold mb-6"[39m
            [36m>[39m
              [36m<span[39m
                [33mclass[39m=[32m"bg-gradient-to-r from-blue-400 
to-purple-400 bg-clip-text text-transparent"[39m
              [36m>[39m
                [0mAbout Me[0m
              [36m</span>[39m
            [36m</h2>[39m
            [36m<div[39m
              [33mclass[39m=[32m"w-24 h-1 bg-gradient-to-r from-blue-500 
to-purple-500 mx-auto...
[90m [2mΓ¥»[22m Object.getElementError 
node_modules/@testing-library/dom/dist/config.js:[2m37:19[22m[39m
[90m [2mΓ¥»[22m 
node_modules/@testing-library/dom/dist/query-helpers.js:[2m76:38[22m[39m
[90m [2mΓ¥»[22m 
node_modules/@testing-library/dom/dist/query-helpers.js:[2m52:17[22m[39m
[90m [2mΓ¥»[22m 
node_modules/@testing-library/dom/dist/query-helpers.js:[2m95:19[22m[39m
[36m [2mΓ¥»[22m src/test/App.test.tsx:[2m203:21[22m[39m
    [90m201|[39m     [34mit[39m([32m'buttons have descriptive 
text'[39m[33m,[39m () [33m=>[39m {
    [90m202|[39m       [34mrender[39m([33m<[39m[33mApp[39m 
[33m/[39m[33m>[39m)
    [90m203|[39m       expect(screen.getByRole('button', { name: 'View My 
Work' })).toBΓÇª
    [90m   |[39m                     [31m^[39m
    [90m204|[39m       expect(screen.getByRole('button', { name: 'Get In 
Touch' })).toBΓÇª
    [90m205|[39m       expect(screen.getByRole('button', { name: 'Send 
Message' })).toBΓÇª

[31m[2mΓÄ»ΓÄ»ΓÄ»ΓÄ»ΓÄ»ΓÄ»ΓÄ»ΓÄ»ΓÄ»ΓÄ»ΓÄ»ΓÄ»ΓÄ»ΓÄ»ΓÄ»ΓÄ»ΓÄ»ΓÄ»ΓÄ»ΓÄ»ΓÄ»ΓÄ»ΓÄ»Γ
Ä»[5/5]ΓÄ»[22m[39m

